// Vitest Snapshot v1

exports[`App tests > Renders without crash 1`] = `
[
  <header
    className="flex justify-center items-center flex-col"
  >
    <h1>
      <img
        alt="From my music"
        className="max-w-full"
        src="/src/assets/logo.png"
      />
    </h1>
  </header>,
  <main
    className="flex justify-center mb-10 px-5"
  >
    <a
      className="btn-big-primary"
      href="/start"
      onClick={[Function]}
    >
      Comenzar
    </a>
  </main>,
  <section
    className="px-5"
  >
    <h2
      className="mb-5"
    >
      ¿Por qué nosotros?
    </h2>
    <p>
      Lorem ipsum dolor sit amet consectetur adipisicing elit. Dolores, nisi dolorum obcaecati quas nihil sunt inventore non esse laborum reiciendis facere nam iure. Qui blanditiis, vitae consequatur quae facere autem?
    </p>
  </section>,
  ",",
]
`;
