// Vitest Snapshot v1

exports[`SpotifyView tests > Renders without crash 1`] = `
[
  <header
    className="flex justify-center items-center flex-col"
  >
    <img
      alt="From My Playlist"
      className="max-w-full mb-5"
      src="/src/assets/logo.png"
    />
  </header>,
  <main
    className="grid grid-cols-12"
  >
    <section
      className="col-start-6 col-span-2 flex flex-col"
    >
      <h2
        className="text-center mb-4 text-xl font-medium"
      >
        Select your playlist
      </h2>
    </section>
  </main>,
]
`;
